<dokument xmlns="" dok_id="FU01CU1"
  dokument_url_text="http://data.riksdagen.se/dokument/FU01CU1/text"
  dokument_url_html="http://data.riksdagen.se/dokument/FU01CU1"
  dokumentstatus_url_xml="http://data.riksdagen.se/dokumentstatus/FU01CU1">
  <text datatyp="huvuddokument" hangar_id="2452776" rm="1971" beteckning="CU1" typ="bet"
    subtyp="bet" doktyp="bet" debattnamn="Debatt om förslag" organ="CU" nummer="1" slutnummer="0"
    datum="1971-12-31 00:00:00" systemdatum="2009-12-16 08:50:46" publicerad="2009-12-16 08:49:03"
    titel="Civilutskottets betänkande i anledning av Kungl. Maj:ts proposition angående utgifter på tilläggsstat II till riksstaten för budgetåret 1970/71 i vad avser anslag inom justitiedepartementets verksamhetsområde till centralnämnden för fastighetsdata"
    status="importerad" htmlformat="skanning2007"
    utskottsforslag_url_xml="http://data.riksdagen.se/utskottsforslag/FU01CU1"
    fil_url="http://data.riksdagen.se/fil/5E0DCC32-5F77-432E-820C-069589ACAEF4"
    filnamn="bet_1971_CU_1.pdf"
    filstorlek="79424"
    filtyp="pdf">
    <p>Civilutskottets betänkanden nr 13 år 1971 CU 1971</p>
    <p>13</p>
    <p>Nrl</p>
    <p>Civilutskottets betänkande i anledning av Kungl. Maj:ts proposition angående utgifter på
      tilläggsstat II till riksstaten för budgetåret 1970/71 i vad avser anslag inom
      justitiedepartementets verksamhetsområde till centralnämnden för fastighetsdata.</p>
    <p>DRIFTBUDGETEN</p>
    <p>ANDRA HUVUDTITELN</p>
    <p>Centralnämnden för fastighetsdata. Utskottet tillstyrker Kungl. Maj:ts i propositionen nr 2,
      bilaga 1, s. 4 framlagda förslag (punkt 2 i utdrag av statsrådsprotokollet över
      justitieärenden
      för den 4 januari 1971) och hemställer</p>
    <p>att riksdagen till Centralnämnden för fastighetsdata på tilläggsstat II till riksstaten för
      budgetåret 1970/71 anvisar ett reservationsanslag av 2 000 000 kr.</p>
    <p>Stockholm den 2 februari 1971</p>
    <p>På civilutskottets vägnar: ERIK GREBÄCK</p>
    <p>Närvarande: se under betänkandet nr 3.</p>
    <p>1 Riksdagen 1971.19 saml. Nr 13</p>
    <p>CU 1971:2</p>
    <p>Nr 2</p>
    <p>Civilutskottets betänkande i anledning av Kungl. Maj:ts proposition angående utgifter på
      tilläggsstat II till riksstaten för budgetåret 1970/71 i vad avser anslag på kapitalbudgeten
      inom inrikesdepartementets verksamhetsområde.</p>
    <p>KAPITALBUDGETEN</p>
    <p>STATENS UTLANINGSFONDER</p>
    <p>1. Lånefonden för bostadsbyggande. Kungl. Maj:t har i propositionen
      nr 2, bilaga 6, s. 24 (punkt 3 i utdrag av statsrådsprotokollet över inrikes
      ärenden för den 4 januari 1971) föreslagit riksdagen att till Lånefonden
      för bostadsbyggande på tilläggsstat II till riksstaten för budgetåret 1970/
      71 anvisa ett investeringsanslag av 1 060 000 000 kr.</p>
    <p>Utskottet. Vid behandlingen av motsvarande anslag på riksstaten för innevarande budgetår
      förutsatte statsutskottet (SU 1970: 50, s. 22) att Kungl. Maj:t när erforderlig klarhet
      vunnits
      skulle lägga fram förslag om anvisning av eventuellt erforderliga ytterligare
      medel. Civilutskottet har inte funnit anledning till erinran mot medelsberäkningen
      och hemställer</p>
    <p>att riksdagen till Lånefonden för bostadsbyggande på tilläggsstat II till riksstaten för
      budgetåret 1970/71 anvisar ett investeringsanslag av 1 060 000 000 kr.</p>
    <p>FONDEN FÖR LÅNEUNDERSTÖD</p>
    <p>2. Räntefria lån till bostadsbyggande. Utskottet tillstyrker Kungl. Maj:ts
      förslag (punkt 4, s. 2425) och hemställer</p>
    <p>att riksdagen till Räntefria lån till bostadsbyggande på tilläggsstat II till riksstaten
      för budgetåret 1970/71 anvisar ett investeringsanslag av 5 300 000 kr.</p>
    <p>Stockholm den 2 februari 1971</p>
    <p>På civilutskottets vägnar: ERIK GREBÄCK</p>
    <p>Närvarande: se under betänkandet nr 3.</p>
    <p>CU 1971:3</p>
    <p>Nr 3</p>
    <p>Civilutskottets betänkande i anledning av Kungl. Majt:s proposition angående utgifter på
      tilläggsstat II till riksstaten för bugetåret 1970/71 i vad avser anslag
      inom civildepartementets verksamhetsområde.</p>
    <p>DRIFTBUDGETEN</p>
    <p>TOLFTE HUVUDTITELN</p>
    <p>1. Kommittéer m.m. Utskottet tillstyrker Kungl. Maj:ts i propositionen
      nr 2, bilaga 7, s. 27 framlagda förslag (punkt 1 i utdrag av statsrådspro
      tokollet över civilärenden för den 4 januari 1971) och hemställer</p>
    <p>att riksdagen till Kommittéer m. m. på tilläggsstat II till riksstaten för budgetåret 1970/71
      anvisar ett reservationsanslag av 900 000 kr.</p>
    <p>2. Extra utgifter. Utskottet tillstyrker Kungl. Majits förslag (punkt 2,
      s. 28) och hemställer</p>
    <p>att riksdagen till Extra utgifter på tilläggsstat II till riksstaten för budgetåret 1970/71
      anvisar ett reservationsanslag av 50 000 kr.</p>
    <p>Stockholm den 2 februari 1971</p>
    <p>På civilutskottets vägnar: ERIK GREBÄCK</p>
    <p>Närvarande: herrar Grebäck (c), Bergman (s), Almgren (s), Tobé (fp), Kristiansson
      i örkelljunga
      (s), Petersson i Nybro (s), Lindkvist (s), Henrikson (s), Wennerfors (m). Högström (s), fru
      Olsson i Hölö (c), herrar Engström (vpk), Karlsson i Mariefred (c), Strömberg (fp) och
      Turesson
      (m).</p>
    <p>MARCJS aoKTR, STHLM lOT 710045</p>
  </text>
</dokument>
